// Jest Snapshot v1, https://goo.gl/fbAQLP

exports[`GlobalStyles should render properly 1`] = `
GlobalStyle {
  "componentId": "sc-global-425145096",
  "isStatic": true,
  "rules": Array [
    "
  @import url('https://fonts.googleapis.com/css?family=Saira+Semi+Condensed');

  *,
  *:before,
  *:after {
    box-sizing: border-box;
  }

  html {
    font-size: 62.5%;
    -webkit-font-smoothing: antialiased;
    height: 100%;
  }

  body {
    font-family: Saira Semi Condensed, sans-serif;
    font-size: 16px; /* stylelint-disable unit-blacklist */
    margin: 0;
    min-height: 100vh;
    padding: 0;
  }

  img {
    height: auto;
    max-width: 100%;
  }

  a {
    color: ",
    "#000000",
    ";
    text-decoration: none;

    &.disabled {
      pointer-events: none;
    }
  }

  button {
    appearance: none;
    background-color: transparent;
    border: 0;
    cursor: pointer;
    display: inline-block;
    font-family: inherit;
    line-height: 1;
    padding: 0;
  }
",
  ],
}
`;
