// Jest Snapshot v1, https://goo.gl/fbAQLP

exports[`Home should render properly 1`] = `
.c4 {
  box-sizing: border-box;
  text-transform: lowercase;
  background-color: #2E2E2E;
  border: 1px solid #2E2E2E;
  color: #fff;
  -webkit-align-items: center;
  -webkit-box-align: center;
  -ms-flex-align: center;
  align-items: center;
  border-radius: 0px;
  box-shadow: none;
  cursor: pointer;
  display: -webkit-inline-box;
  display: -webkit-inline-flex;
  display: -ms-inline-flexbox;
  display: inline-flex;
  font-family: inherit;
  font-size: 22px;
  -webkit-box-pack: center;
  -webkit-justify-content: center;
  -ms-flex-pack: center;
  justify-content: center;
  line-height: 1;
  padding: 14px 20px;
  -webkit-text-decoration: none;
  text-decoration: none;
  width: auto;
}

.c4:disabled {
  pointer-events: none;
  opacity: 0.7;
}

.c4:focus {
  outline-color: #2E2E2E;
}

.c4 .c6 {
  margin-left: 5px;
}

.c5 {
  box-sizing: border-box;
  margin-left: 8px;
}

.c0 {
  background: #000;
  color: #fff;
  min-height: 100vh;
  overflow: hidden;
  position: relative;
}

.c3 {
  -webkit-align-items: flex-start;
  -webkit-box-align: flex-start;
  -ms-flex-align: flex-start;
  align-items: flex-start;
  display: -webkit-inline-box;
  display: -webkit-inline-flex;
  display: -ms-inline-flexbox;
  display: inline-flex;
  font-size: 0;
}

.c3 svg {
  height: auto;
  width: 40rem;
}

.c1 {
  box-sizing: border-box;
  margin-left: auto;
  margin-right: auto;
  padding-left: 16px;
  padding-right: 16px;
  max-width: 1440px;
  position: relative;
  width: 100%;
  -webkit-align-items: center;
  -webkit-box-align: center;
  -ms-flex-align: center;
  align-items: center;
  display: -webkit-box;
  display: -webkit-flex;
  display: -ms-flexbox;
  display: flex;
  -webkit-flex-direction: column;
  -ms-flex-direction: column;
  flex-direction: column;
  -webkit-box-pack: center;
  -webkit-justify-content: center;
  -ms-flex-pack: center;
  justify-content: center;
  min-height: 100vh;
}

.c2 {
  margin-bottom: 16px;
}

.c2 svg {
  width: 40rem;
}

@media (min-width:768px) {
  .c1 {
    padding-left: 32px;
    padding-right: 32px;
  }
}

<Background
  data-testid="HomeWrapper"
  key="Home"
>
  <div
    className="c0"
    data-testid="HomeWrapper"
  >
    <HomeContainer
      verticalPadding={false}
    >
      <div
        className="c1"
      >
        <img
          alt="meowkai-logo"
          src={
            Object {
              "ReactComponent": "SVGMock",
            }
          }
        />
        <Header>
          <div
            className="c2"
          >
            <Logo>
              <div
                className="c3"
              >
                <SVGMock />
              </div>
            </Logo>
          </div>
        </Header>
        <Button
          animate={false}
          as="button"
          block={false}
          bordered={false}
          dark={false}
          disabled={false}
          onClick={[Function]}
          size="xl"
          style={
            Object {
              "backgroundColor": "white",
              "color": "black",
              "height": "48px",
              "textAlign": "center",
              "width": "290px",
            }
          }
          textTransform="lowercase"
          type="button"
          variant="primary"
        >
          <button
            className="c4"
            disabled={false}
            onClick={[Function]}
            size="xl"
            style={
              Object {
                "backgroundColor": "white",
                "color": "black",
                "height": "48px",
                "textAlign": "center",
                "width": "290px",
              }
            }
            type="button"
          >
            <Text
              as="span"
              ml={2}
            >
              <span
                className="c5"
              >
                do it
              </span>
            </Text>
          </button>
        </Button>
      </div>
    </HomeContainer>
  </div>
</Background>
`;
