// Jest Snapshot v1, https://goo.gl/fbAQLP

exports[`Private should render properly 1`] = `
<withHandlers(FirebaseConnect(withHandlers(Private)))
  dispatch={[Function]}
  location={Object {}}
  setVisible={[Function]}
  visible={false}
/>
`;
